MPASM  5.37                    CALCULATOR.ASM   11-20-2019  12:17:16         PAGE  1


LOC  OBJECT CODE     LINE SOURCE TEXT
  VALUE

                      00001 
                      00002 
                      00003 
                      00004 
                      00005 ;***** COMPILATION MESSAGES & WARNINGS *****
                      00006 
                      00007         ERRORLEVEL -207         ; Found label after column 1.
                      00008         ERRORLEVEL -302         ; Register in operand not in bank 0.
                      00009 
                      00010 
                      00011 
                      00012         #include "p16f873a.inc"
                      00001         LIST
                      00002 ; P16F873A.INC  Standard Header File, Version 1.00    Microchip Technology, Inc.
                      00384         LIST
                      00013 
                      00014 
                      00015  
  0000                00016    global FXM1616U
  0000                00017    global b2bcd
  0000                00018    global bcd2a
                      00019    
                      00020    
                      00021 
                      00022 
                      00023 
                      00024 ;-------------------------------------------------
                      00025 
                      00026 
                      00027 ; STATUS bit definitions
                      00028   #define _C STATUS,0
                      00029   #define _DC STATUS,1
                      00030   #define _Z STATUS,2
                      00031   #define _OV STATUS,3
                      00032 
                      00033  
                      00034 
                      00035 ; binary operation arguments
                      00036 
                      00037 ;AARGB7 equ 0xa0
                      00038 ;AARGB6 equ 0xa1
  000000A2            00039 AARGB5 equ 0xa2
  000000A3            00040 AARGB4 equ 0xa3
  000000A4            00041 AARGB3 equ 0xa4
  000000A5            00042 AARGB2 equ 0xa5
  000000A6            00043 AARGB1 equ 0xa6
  000000A7            00044 AARGB0 equ 0xa7
  000000A7            00045 AARG equ 0xa7 ; most significant byte of argument A
  000000A8            00046 AEXP equ 0xa8 ; 8 bit biased exponent for argument A
  000000A8            00047 EXP equ 0xa8 ; 8 bit biased exponent
                      00048 ;
  000000A9            00049 BARGB3 equ 0xa9
  000000AA            00050 BARGB2 equ 0xaa
MPASM  5.37                    CALCULATOR.ASM   11-20-2019  12:17:16         PAGE  2


LOC  OBJECT CODE     LINE SOURCE TEXT
  VALUE

  000000AB            00051 BARGB1 equ 0xab
  000000AC            00052 BARGB0 equ 0xac
  000000AC            00053 BARG equ 0xac ; most significant byte of argument B
  000000AD            00054 BEXP equ 0xad ; 8 bit biased exponent for argument B
                      00055 
  000000AE            00056 SIGN    equ 0xae
  000000AF            00057 MFlags  equ 0xaf
                      00058 
                      00059 
  000000B0            00060 TEMPB3 equ 0xb0
  000000B1            00061 TEMPB2 equ 0xb1
  000000B2            00062 TEMPB1 equ 0xb2
  000000B3            00063 TEMPB0 equ 0xb3
  000000B3            00064 TEMP   equ 0xb3    ; temporary storage
                      00065 
                      00066 
  00000000            00067 SIGNED equ 0 
                      00068 
                      00069 
  00000007            00070 MSB equ 7
  00000000            00071 LSB equ 0
                      00072 
                      00073 ;PRECISION equ 0xbc
  000000BD            00074 LOOPCOUNT equ 0xbd
                      00075 
                      00076 ;-----------------------------------------------
                      00077 
                      00078 
                      00079 
                      00080    #define bin   0xc0   ; separate exp:fraction ex: 5.735 = 5 735 
                      00081    #define bcd   0xc4
                      00082    #define pti    0xce
                      00083    #define pto    0xcf
                      00084    #define ii     0xd0
                      00085    #define temp   0xd1
                      00086    #define cnt    0xd2
                      00087 
                      00088    #define U_in 0x60
                      00089    #define U_out 0x62
                      00090    #define Requer 0x4e
                      00091 
                      00092 
                      00093 
                      00094     code
                      00095 
                      00096 
                      00097 ;******************************************************
                      00098 
                      00099 
                      00100 UMUL1616L macro
                      00101 ; Max Timing: 2+13+6*15+14+2+7*16+15 = 248 clks
                      00102 ; Min Timing: 2+7*6+5+1+7*6+5+4 = 101 clks
                      00103 ; PM: 51 DM: 9
MPASM  5.37                    CALCULATOR.ASM   11-20-2019  12:17:16         PAGE  3


LOC  OBJECT CODE     LINE SOURCE TEXT
  VALUE

                      00104      MOVLW 0x08
                      00105      MOVWF LOOPCOUNT
                      00106 LOOPUM1616A
                      00107      RRF BARGB1, F
                      00108      BTFSC _C
                      00109      GOTO ALUM1616NAP
                      00110      DECFSZ LOOPCOUNT, F
                      00111      GOTO LOOPUM1616A
                      00112      MOVWF LOOPCOUNT
                      00113 LOOPUM1616B
                      00114      RRF BARGB0, F
                      00115      BTFSC _C
                      00116      GOTO BLUM1616NAP
                      00117      DECFSZ LOOPCOUNT, F
                      00118      GOTO LOOPUM1616B
                      00119      CLRF AARGB0
                      00120      CLRF AARGB1
                      00121      RETLW 0x00
                      00122 BLUM1616NAP
                      00123      BCF _C
                      00124      GOTO BLUM1616NA
                      00125 ALUM1616NAP
                      00126      BCF _C
                      00127      GOTO ALUM1616NA
                      00128 ALOOPUM1616
                      00129      RRF BARGB1, F
                      00130      BTFSS _C
                      00131      GOTO ALUM1616NA
                      00132      MOVF TEMPB1,W
                      00133      ADDWF AARGB1, F
                      00134      MOVF TEMPB0,W
                      00135      BTFSC _C
                      00136      INCFSZ TEMPB0,W
                      00137      ADDWF AARGB0, F
                      00138 ALUM1616NA
                      00139      RRF AARGB0, F
                      00140      RRF AARGB1, F
                      00141      RRF AARGB2, F
                      00142      DECFSZ LOOPCOUNT, F
                      00143      GOTO ALOOPUM1616
                      00144      MOVLW 0x08
                      00145      MOVWF LOOPCOUNT
                      00146 BLOOPUM1616
                      00147      RRF BARGB0, F
                      00148      BTFSS _C
                      00149      GOTO BLUM1616NA
                      00150      MOVF TEMPB1,W
                      00151      ADDWF AARGB1, F
                      00152      MOVF TEMPB0,W
                      00153      BTFSC _C
                      00154      INCFSZ TEMPB0,W
                      00155      ADDWF AARGB0, F
                      00156 BLUM1616NA
MPASM  5.37                    CALCULATOR.ASM   11-20-2019  12:17:16         PAGE  4


LOC  OBJECT CODE     LINE SOURCE TEXT
  VALUE

                      00157      RRF AARGB0, F
                      00158      RRF AARGB1, F
                      00159      RRF AARGB2, F
                      00160      RRF AARGB3, F
                      00161      DECFSZ LOOPCOUNT, F
                      00162      GOTO BLOOPUM1616
Warning[205]: Found directive in column 1. (endm)
                      00163 endm
                      00164 
                      00165 
                      00166 
                      00167 
                      00168 
                      00169 ;**********************************************************************************************
                      00170 ;**********************************************************************************************
                      00171 ; 16x16 Bit Unsigned Fixed Point Multiply 16x16 -> 32
                      00172 ; Input: 16 bit unsigned fixed point multiplicand in AARGB0
                      00173 ; 16 bit unsigned fixed point multiplier in BARGB0
                      00174 ; Use: CALL FXM1616U
                      00175 ; Output: 32 bit unsigned fixed point product in AARGB0
                      00176 ; Result: AARG <-- AARG x BARG
                      00177 ; Max Timing: 6+248+2 = 256 clks
                      00178 ; Min Timing: 6+101 = 107 clks
                      00179 ; PM: 6+51+1 = 58 DM: 9
0000                  00180 FXM1616U
0000   01A5           00181      CLRF AARGB2 ; clear partial product
0001   01A4           00182      CLRF AARGB3
0002   0827           00183      MOVF AARGB0,W
0003   00B3           00184      MOVWF TEMPB0
0004   0826           00185      MOVF AARGB1,W
0005   00B2           00186      MOVWF TEMPB1
                      00187      UMUL1616L
                          M ; Max Timing: 2+13+6*15+14+2+7*16+15 = 248 clks
                          M ; Min Timing: 2+7*6+5+1+7*6+5+4 = 101 clks
                          M ; PM: 51 DM: 9
0006   3008               M      MOVLW 0x08
0007   00BD               M      MOVWF LOOPCOUNT
0008                      M LOOPUM1616A
0008   0CAB               M      RRF BARGB1, F
0009   1803               M      BTFSC _C
000A   2???               M      GOTO ALUM1616NAP
000B   0BBD               M      DECFSZ LOOPCOUNT, F
000C   2???               M      GOTO LOOPUM1616A
000D   00BD               M      MOVWF LOOPCOUNT
000E                      M LOOPUM1616B
000E   0CAC               M      RRF BARGB0, F
000F   1803               M      BTFSC _C
0010   2???               M      GOTO BLUM1616NAP
0011   0BBD               M      DECFSZ LOOPCOUNT, F
0012   2???               M      GOTO LOOPUM1616B
0013   01A7               M      CLRF AARGB0
0014   01A6               M      CLRF AARGB1
0015   3400               M      RETLW 0x00
MPASM  5.37                    CALCULATOR.ASM   11-20-2019  12:17:16         PAGE  5


LOC  OBJECT CODE     LINE SOURCE TEXT
  VALUE

0016                      M BLUM1616NAP
0016   1003               M      BCF _C
0017   2???               M      GOTO BLUM1616NA
0018                      M ALUM1616NAP
0018   1003               M      BCF _C
0019   2???               M      GOTO ALUM1616NA
001A                      M ALOOPUM1616
001A   0CAB               M      RRF BARGB1, F
001B   1C03               M      BTFSS _C
001C   2???               M      GOTO ALUM1616NA
001D   0832               M      MOVF TEMPB1,W
001E   07A6               M      ADDWF AARGB1, F
001F   0833               M      MOVF TEMPB0,W
0020   1803               M      BTFSC _C
0021   0F33               M      INCFSZ TEMPB0,W
0022   07A7               M      ADDWF AARGB0, F
0023                      M ALUM1616NA
0023   0CA7               M      RRF AARGB0, F
0024   0CA6               M      RRF AARGB1, F
0025   0CA5               M      RRF AARGB2, F
0026   0BBD               M      DECFSZ LOOPCOUNT, F
0027   2???               M      GOTO ALOOPUM1616
0028   3008               M      MOVLW 0x08
0029   00BD               M      MOVWF LOOPCOUNT
002A                      M BLOOPUM1616
002A   0CAC               M      RRF BARGB0, F
002B   1C03               M      BTFSS _C
002C   2???               M      GOTO BLUM1616NA
002D   0832               M      MOVF TEMPB1,W
002E   07A6               M      ADDWF AARGB1, F
002F   0833               M      MOVF TEMPB0,W
0030   1803               M      BTFSC _C
0031   0F33               M      INCFSZ TEMPB0,W
0032   07A7               M      ADDWF AARGB0, F
0033                      M BLUM1616NA
0033   0CA7               M      RRF AARGB0, F
0034   0CA6               M      RRF AARGB1, F
0035   0CA5               M      RRF AARGB2, F
0036   0CA4               M      RRF AARGB3, F
0037   0BBD               M      DECFSZ LOOPCOUNT, F
0038   2???               M      GOTO BLOOPUM1616
0039   3400           00188      RETLW 0x00
                      00189 
                      00190 
                      00191 
                      00192 
                      00193 
                      00194 ;***********************************************************************
                      00195 
                      00196 
                      00197 
                      00198 
                      00199 
MPASM  5.37                    CALCULATOR.ASM   11-20-2019  12:17:16         PAGE  6


LOC  OBJECT CODE     LINE SOURCE TEXT
  VALUE

                      00200    ;Inputs:
                      00201     ;   Dividend - AARGB0:AARGB1:AARGB2 (0 - most significant!)
                      00202     ;   Divisor  - BARGB0:BARGB1
                      00203     ;Temporary:
                      00204     ;   Counter  - LOOPCOUNT
                      00205     ;   Remainder- REMB0:REMB1
                      00206     ;Output:
                      00207     ;   Quotient - AARGB0:AARGB1:AARGB2
                      00208     ;
                      00209     ;       Size: 28
                      00210     ; Max timing: 4+24*(6+6+4+3+6)-1+3+2=608 cycles (with return)
                      00211     ; Min timing: 4+24*(6+6+5+6)-1+3+2=560 cycles (with return)
                      00212     ;          
                      00213 
003A                  00214     FXD2416U:
003A   01B3           00215             CLRF TEMPB0
003B   01B2           00216             CLRF TEMPB1
003C   3018           00217             MOVLW .24
003D   00BD           00218             MOVWF LOOPCOUNT
003E                  00219     LOOPU2416
003E   0DA5           00220             RLF AARGB2, F           ;shift left divider to pass next bit to remainder
003F   0DA6           00221             RLF AARGB1, F           ;and shift in next bit of result
0040   0DA7           00222             RLF AARGB0, F
                      00223 
0041   0DB2           00224             RLF TEMPB1, F            ;shift carry into remainder
0042   0DB3           00225             RLF TEMPB0, F
                      00226 
0043   0DBD           00227             RLF LOOPCOUNT, F        ;save carry in counter
                      00228              
0044   082B           00229             MOVF BARGB1, W          ;substract divisor from remainder
0045   02B2           00230             SUBWF TEMPB1, F
0046   082C           00231             MOVF BARGB0, W
0047   1C03           00232             BTFSS _C
0048   0F2C           00233             INCFSZ BARGB0, W
0049   0233           00234             SUBWF TEMPB0, W          ;keep that byte in W untill we make sure about borrow
                      00235 
004A   1803           00236             SKPNC                   ;if no borrow
004B   143D           00237              BSF LOOPCOUNT, 0       ;set bit 0 of counter (saved carry)
                      00238 
004C   183D           00239             BTFSC LOOPCOUNT, 0      ;if no borrow
004D   2???           00240              GOTO UOK46LL           ;jump
                      00241 
004E   082B           00242             MOVF BARGB1, W          ;restore remainder if borrow
004F   07B2           00243             ADDWF TEMPB1, F
0050   0833           00244             MOVF TEMPB0, W           ;read high byte of remainder to W
                      00245                                     ;to not change it by next instruction
0051                  00246     UOK46LL
0051   00B3           00247             MOVWF TEMPB0             ;store high byte of remainder
0052   1003           00248             CLRC                    ;copy bit 0 to carry
0053   0CBD           00249             RRF LOOPCOUNT, F        ;and restore counter
0054   0BBD           00250             DECFSZ LOOPCOUNT, f     ;decrement counter
0055   2???           00251              GOTO LOOPU2416         ;and repeat loop if not zero
                      00252              
MPASM  5.37                    CALCULATOR.ASM   11-20-2019  12:17:16         PAGE  7


LOC  OBJECT CODE     LINE SOURCE TEXT
  VALUE

0056   0DA5           00253             RLF AARGB2, F           ;shift in last bit of result
0057   0DA6           00254             RLF AARGB1, F   
0058   0DA7           00255             RLF AARGB0, F
                      00256   
0059   0008           00257             RETURN
                      00258 
                      00259 
                      00260 
                      00261 ;******************************************************************
                      00262 ; Convert the 10 binary coded digits (5 bytes) starting at 
                      00263 ; <bcd> into an ascii string also starting at <bcd>. Original
                      00264 ; bcd digits are lost.
                      00265 
005A   30CD           00266 bcd2a   movlw   bcd+9
005B   00CF           00267         movwf   pto             ; destination pointer
005C   30C8           00268         movlw   bcd+4
005D   00CE           00269         movwf   pti             ; source pointer
005E   3005           00270         movlw   5               ; 5 bytes to process
005F   00D2           00271         movwf   cnt
                      00272 
0060   084E           00273 bcd2a1  movf    pti,w           ; get current input pointer
0061   0084           00274         movwf   FSR
0062   03CE           00275         decf    pti,f           ; prepare for next
0063   0800           00276         movf    INDF,w          ; get 2 bcds
0064   00D1           00277         movwf   temp            ; save for later
0065   084F           00278         movf    pto,w           ; get current output pointer
0066   0084           00279         movwf   FSR
0067   03CF           00280         decf    pto,f           ; prepare for next
0068   03CF           00281         decf    pto,f
0069   0851           00282         movf    temp,w          ; get digits back
006A   390F           00283         andlw   0x0f            ; process lsd
006B   3E30           00284         addlw   "0"
006C   0080           00285         movwf   INDF            ; to output
006D   0384           00286         decf    FSR,f
006E   0E51           00287         swapf   temp,w          ; process msd
006F   390F           00288         andlw   0x0f
0070   3E30           00289         addlw   "0"
0071   0080           00290         movwf   INDF            ; to output
Message[305]: Using default destination of 1 (file).
0072   0BD2           00291         decfsz  cnt             ; all digits?
0073   2???           00292         goto    bcd2a1  
0074   0008           00293     return                      ; yes
                      00294 
                      00295 
                      00296 
                      00297 
                      00298 
                      00299  
                      00300  
                      00301 ;****************************************
                      00302 ;******************************************************************
                      00303 ; Convert 32-bit binary number at <bin> into a bcd number
                      00304 ; at <bcd>. Uses Mike Keitz's procedure for handling bcd 
MPASM  5.37                    CALCULATOR.ASM   11-20-2019  12:17:16         PAGE  8


LOC  OBJECT CODE     LINE SOURCE TEXT
  VALUE

                      00305 ; adjust; Modified Microchip AN526 for 32-bits.
                      00306 
0075   3020           00307 b2bcd   movlw   .32             ; 32-bits
0076   1683 1303      00308     banksel ii
0078   00D0           00309         movwf   ii              ; make cycle counter
0079   01C4           00310         clrf    bcd             ; clear result area
007A   01C5           00311         clrf    bcd+1
007B   01C6           00312         clrf    bcd+2
007C   01C7           00313         clrf    bcd+3
007D   01C8           00314         clrf    bcd+4
                      00315         
007E   30C4           00316 b2bcd2  movlw   bcd             ; make pointer
007F   0084           00317         movwf   FSR
0080   3005           00318         movlw   5
0081   00D2           00319         movwf   cnt
                      00320 
                      00321 ; Mike's routine:
                      00322 
0082   3033           00323 b2bcd3  movlw   0x33            
0083   0780           00324         addwf   INDF,f          ; add to both nybbles
0084   1980           00325         btfsc   INDF,3          ; test if low result > 7
0085   39F0           00326         andlw   0xf0            ; low result >7 so take the 3 out
0086   1B80           00327         btfsc   INDF,7          ; test if high result > 7
0087   390F           00328         andlw   0x0f            ; high result > 7 so ok
0088   0280           00329         subwf   INDF,f          ; any results <= 7, subtract back
0089   0A84           00330         incf    FSR,f           ; point to next
Message[305]: Using default destination of 1 (file).
008A   0BD2           00331         decfsz  cnt
008B   2???           00332         goto    b2bcd3
                      00333         
008C   0DC3           00334         rlf     bin+3,f         ; get another bit
008D   0DC2           00335         rlf     bin+2,f
008E   0DC1           00336         rlf     bin+1,f
008F   0DC0           00337         rlf     bin+0,f
0090   0DC8           00338         rlf     bcd+4,f         ; put it into bcd
0091   0DC7           00339         rlf     bcd+3,f
0092   0DC6           00340         rlf     bcd+2,f
0093   0DC5           00341         rlf     bcd+1,f
0094   0DC4           00342         rlf     bcd+0,f
0095   0BD0           00343         decfsz  ii,f            ; all done?
0096   2???           00344         goto    b2bcd2          ; no, loop
0097   0008           00345         return                  ; yes
                      00346 
                      00347     END
MPASM  5.37                    CALCULATOR.ASM   11-20-2019  12:17:16         PAGE  9


SYMBOL TABLE
  LABEL                             VALUE 

AARG                              000000A7
AARGB0                            000000A7
AARGB1                            000000A6
AARGB2                            000000A5
AARGB3                            000000A4
AARGB4                            000000A3
AARGB5                            000000A2
ACKDT                             00000005
ACKEN                             00000004
ACKSTAT                           00000006
ADCON0                            0000001F
ADCON1                            0000009F
ADCS0                             00000006
ADCS1                             00000007
ADCS2                             00000006
ADDEN                             00000003
ADFM                              00000007
ADIE                              00000006
ADIF                              00000006
ADON                              00000000
ADRESH                            0000001E
ADRESL                            0000009E
AEXP                              000000A8
ALOOPUM1616                       0000001A
ALUM1616NA                        00000023
ALUM1616NAP                       00000018
BARG                              000000AC
BARGB0                            000000AC
BARGB1                            000000AB
BARGB2                            000000AA
BARGB3                            000000A9
BCLIE                             00000003
BCLIF                             00000003
BEXP                              000000AD
BF                                00000000
BLOOPUM1616                       0000002A
BLUM1616NA                        00000033
BLUM1616NAP                       00000016
BRGH                              00000002
C                                 00000000
C1INV                             00000004
C1OUT                             00000006
C2INV                             00000005
C2OUT                             00000007
CCP1CON                           00000017
CCP1IE                            00000002
CCP1IF                            00000002
CCP1M0                            00000000
CCP1M1                            00000001
CCP1M2                            00000002
CCP1M3                            00000003
CCP1X                             00000005
CCP1Y                             00000004
MPASM  5.37                    CALCULATOR.ASM   11-20-2019  12:17:16         PAGE 10


SYMBOL TABLE
  LABEL                             VALUE 

CCP2CON                           0000001D
CCP2IE                            00000000
CCP2IF                            00000000
CCP2M0                            00000000
CCP2M1                            00000001
CCP2M2                            00000002
CCP2M3                            00000003
CCP2X                             00000005
CCP2Y                             00000004
CCPR1H                            00000016
CCPR1L                            00000015
CCPR2H                            0000001C
CCPR2L                            0000001B
CHS0                              00000003
CHS1                              00000004
CHS2                              00000005
CIS                               00000003
CKE                               00000006
CKP                               00000004
CM0                               00000000
CM1                               00000001
CM2                               00000002
CMCON                             0000009C
CMIE                              00000006
CMIF                              00000006
CREN                              00000004
CSRC                              00000007
CVR0                              00000000
CVR1                              00000001
CVR2                              00000002
CVR3                              00000003
CVRCON                            0000009D
CVREN                             00000007
CVROE                             00000006
CVRR                              00000005
D                                 00000005
DATA_ADDRESS                      00000005
DC                                00000001
D_A                               00000005
EEADR                             0000010D
EEADRH                            0000010F
EECON1                            0000018C
EECON2                            0000018D
EEDATA                            0000010C
EEDATH                            0000010E
EEIE                              00000004
EEIF                              00000004
EEPGD                             00000007
EXP                               000000A8
F                                 00000001
FERR                              00000002
FSR                               00000004
FXD2416U                          0000003A
MPASM  5.37                    CALCULATOR.ASM   11-20-2019  12:17:16         PAGE 11


SYMBOL TABLE
  LABEL                             VALUE 

FXM1616U                          00000000
GCEN                              00000007
GIE                               00000007
GO                                00000002
GO_DONE                           00000002
I2C_DATA                          00000005
I2C_READ                          00000002
I2C_START                         00000003
I2C_STOP                          00000004
INDF                              00000000
INTCON                            0000000B
INTE                              00000004
INTEDG                            00000006
INTF                              00000001
IRP                               00000007
LOOPCOUNT                         000000BD
LOOPU2416                         0000003E
LOOPUM1616A                       00000008
LOOPUM1616B                       0000000E
LSB                               00000000
MFlags                            000000AF
MSB                               00000007
NOT_A                             00000005
NOT_ADDRESS                       00000005
NOT_BO                            00000000
NOT_BOR                           00000000
NOT_DONE                          00000002
NOT_PD                            00000003
NOT_POR                           00000001
NOT_RBPU                          00000007
NOT_RC8                           00000006
NOT_T1SYNC                        00000002
NOT_TO                            00000004
NOT_TX8                           00000006
NOT_W                             00000002
NOT_WRITE                         00000002
OERR                              00000001
OPTION_REG                        00000081
P                                 00000004
PCFG0                             00000000
PCFG1                             00000001
PCFG2                             00000002
PCFG3                             00000003
PCL                               00000002
PCLATH                            0000000A
PCON                              0000008E
PEIE                              00000006
PEN                               00000002
PIE1                              0000008C
PIE2                              0000008D
PIR1                              0000000C
PIR2                              0000000D
PORTA                             00000005
MPASM  5.37                    CALCULATOR.ASM   11-20-2019  12:17:16         PAGE 12


SYMBOL TABLE
  LABEL                             VALUE 

PORTB                             00000006
PORTC                             00000007
PR2                               00000092
PS0                               00000000
PS1                               00000001
PS2                               00000002
PSA                               00000003
R                                 00000002
RBIE                              00000003
RBIF                              00000000
RC8_9                             00000006
RC9                               00000006
RCD8                              00000000
RCEN                              00000003
RCIE                              00000005
RCIF                              00000005
RCREG                             0000001A
RCSTA                             00000018
RD                                00000000
READ_WRITE                        00000002
RP0                               00000005
RP1                               00000006
RSEN                              00000001
RX9                               00000006
RX9D                              00000000
R_W                               00000002
Requer                            0x4e
S                                 00000003
SEN                               00000000
SIGN                              000000AE
SIGNED                            00000000
SMP                               00000007
SPBRG                             00000099
SPEN                              00000007
SREN                              00000005
SSPADD                            00000093
SSPBUF                            00000013
SSPCON                            00000014
SSPCON2                           00000091
SSPEN                             00000005
SSPIE                             00000003
SSPIF                             00000003
SSPM0                             00000000
SSPM1                             00000001
SSPM2                             00000002
SSPM3                             00000003
SSPOV                             00000006
SSPSTAT                           00000094
STATUS                            00000003
SYNC                              00000004
T0CS                              00000005
T0IE                              00000005
T0IF                              00000002
MPASM  5.37                    CALCULATOR.ASM   11-20-2019  12:17:16         PAGE 13


SYMBOL TABLE
  LABEL                             VALUE 

T0SE                              00000004
T1CKPS0                           00000004
T1CKPS1                           00000005
T1CON                             00000010
T1INSYNC                          00000002
T1OSCEN                           00000003
T1SYNC                            00000002
T2CKPS0                           00000000
T2CKPS1                           00000001
T2CON                             00000012
TEMP                              000000B3
TEMPB0                            000000B3
TEMPB1                            000000B2
TEMPB2                            000000B1
TEMPB3                            000000B0
TMR0                              00000001
TMR0IE                            00000005
TMR0IF                            00000002
TMR1CS                            00000001
TMR1H                             0000000F
TMR1IE                            00000000
TMR1IF                            00000000
TMR1L                             0000000E
TMR1ON                            00000000
TMR2                              00000011
TMR2IE                            00000001
TMR2IF                            00000001
TMR2ON                            00000002
TOUTPS0                           00000003
TOUTPS1                           00000004
TOUTPS2                           00000005
TOUTPS3                           00000006
TRISA                             00000085
TRISB                             00000086
TRISC                             00000087
TRMT                              00000001
TX8_9                             00000006
TX9                               00000006
TX9D                              00000000
TXD8                              00000000
TXEN                              00000005
TXIE                              00000004
TXIF                              00000004
TXREG                             00000019
TXSTA                             00000098
UA                                00000001
UMUL1616L                         
UOK46LL                           00000051
U_in                              0x60
U_out                             0x62
W                                 00000000
WCOL                              00000007
WR                                00000001
MPASM  5.37                    CALCULATOR.ASM   11-20-2019  12:17:16         PAGE 14


SYMBOL TABLE
  LABEL                             VALUE 

WREN                              00000002
WRERR                             00000003
Z                                 00000002
_BODEN_OFF                        00003FBF
_BODEN_ON                         00003FFF
_C                                STATUS,0
_CPD_OFF                          00003FFF
_CPD_ON                           00003EFF
_CP_ALL                           00001FFF
_CP_OFF                           00003FFF
_DC                               STATUS,1
_DEBUG_OFF                        00003FFF
_DEBUG_ON                         000037FF
_HS_OSC                           00003FFE
_LP_OSC                           00003FFC
_LVP_OFF                          00003F7F
_LVP_ON                           00003FFF
_OV                               STATUS,3
_PWRTE_OFF                        00003FFF
_PWRTE_ON                         00003FF7
_RC_OSC                           00003FFF
_WDT_OFF                          00003FFB
_WDT_ON                           00003FFF
_WRT_1FOURTH                      00003BFF
_WRT_256                          00003DFF
_WRT_HALF                         000039FF
_WRT_OFF                          00003FFF
_XT_OSC                           00003FFD
_Z                                STATUS,2
__16F873A                         00000001
__DEBUG                           1
b2bcd                             00000075
b2bcd2                            0000007E
b2bcd3                            00000082
bcd                               0xc4
bcd2a                             0000005A
bcd2a1                            00000060
bin                               0xc0
cnt                               0xd2
ii                                0xd0
pti                               0xce
pto                               0xcf
temp                              0xd1

Errors   :     0
Warnings :     1 reported,     3 suppressed
Messages :     2 reported,    91 suppressed

