MPLINK 4.37, Linker
Linker Map File - Created Wed Nov 20 12:17:17 2019

                                 Section Info
                  Section       Type    Address   Location Size(Bytes)
                ---------  ---------  ---------  ---------  ---------
                   .org_0       code   0x000000    program   0x000004
                   .cinit    romdata   0x000002    program   0x000004
                   .org_1       code   0x000004    program   0x00037e
                   .org_2       code   0x000200    program   0x000b74
                    .code       code   0x000800    program   0x000182
      .config_2007_MAIN.O       code   0x002007    program   0x000002



                              Program Memory Usage 
                               Start         End      
                           ---------   ---------      
                            0x000000    0x0001c2      
                            0x000200    0x0007b9      
                            0x000800    0x0008c0      
                            0x002007    0x002007      
            2111 out of 4229 program addresses used, program memory utilization is 49%



                              Symbols - Sorted by Name
                     Name    Address   Location    Storage File                     
                ---------  ---------  ---------  --------- ---------                
              ALOOPUM1616   0x00081a    program     static C:\Source\Battery-charger-Control\Calculator.asm
               ALUM1616NA   0x000823    program     static C:\Source\Battery-charger-Control\Calculator.asm
              ALUM1616NAP   0x000818    program     static C:\Source\Battery-charger-Control\Calculator.asm
                       B1   0x0006bf    program     static C:\Source\Battery-charger-Control\Main.asm
                       B2   0x0006cf    program     static C:\Source\Battery-charger-Control\Main.asm
              BLOOPUM1616   0x00082a    program     static C:\Source\Battery-charger-Control\Calculator.asm
               BLUM1616NA   0x000833    program     static C:\Source\Battery-charger-Control\Calculator.asm
              BLUM1616NAP   0x000816    program     static C:\Source\Battery-charger-Control\Calculator.asm
                     Beep   0x000307    program     static C:\Source\Battery-charger-Control\Main.asm
                    Beep1   0x000302    program     static C:\Source\Battery-charger-Control\Main.asm
                       C1   0x00070d    program     static C:\Source\Battery-charger-Control\Main.asm
                       C2   0x000721    program     static C:\Source\Battery-charger-Control\Main.asm
             Control_done   0x000119    program     static C:\Source\Battery-charger-Control\Main.asm
                  ErrLoop   0x00047b    program     static C:\Source\Battery-charger-Control\Main.asm
                 FXD2416U   0x00083a    program     static C:\Source\Battery-charger-Control\Calculator.asm
                 FXM1616U   0x000800    program     extern C:\Source\Battery-charger-Control\Calculator.asm
                  GetChar   0x00020f    program     static C:\Source\Battery-charger-Control\Main.asm
               GetStrAddr   0x000200    program     static C:\Source\Battery-charger-Control\Main.asm
                  I_Ddone   0x00037f    program     static C:\Source\Battery-charger-Control\Main.asm
                   I_UpOK   0x000319    program     static C:\Source\Battery-charger-Control\Main.asm
                   I_done   0x00034b    program     static C:\Source\Battery-charger-Control\Main.asm
                 I_goDown   0x00034c    program     static C:\Source\Battery-charger-Control\Main.asm
                   I_goUp   0x000313    program     static C:\Source\Battery-charger-Control\Main.asm
                       L2   0x000045    program     static C:\Source\Battery-charger-Control\Main.asm
                       L3   0x000064    program     static C:\Source\Battery-charger-Control\Main.asm
                       L4   0x000066    program     static C:\Source\Battery-charger-Control\Main.asm
                   LCDclk   0x000553    program     static C:\Source\Battery-charger-Control\Main.asm
                  LCDcomd   0x00055b    program     static C:\Source\Battery-charger-Control\Main.asm
                  LCDdata   0x00055d    program     static C:\Source\Battery-charger-Control\Main.asm
                  LCDinit   0x00056a    program     static C:\Source\Battery-charger-Control\Main.asm
                 LCDval08   0x000482    program     static C:\Source\Battery-charger-Control\Main.asm
                 LCDval16   0x0004a7    program     static C:\Source\Battery-charger-Control\Main.asm
                 LCDval32   0x0004e2    program     static C:\Source\Battery-charger-Control\Main.asm
                  LCDxmit   0x00054c    program     static C:\Source\Battery-charger-Control\Main.asm
                LOOPU2416   0x00083e    program     static C:\Source\Battery-charger-Control\Calculator.asm
              LOOPUM1616A   0x000808    program     static C:\Source\Battery-charger-Control\Calculator.asm
              LOOPUM1616B   0x00080e    program     static C:\Source\Battery-charger-Control\Calculator.asm
                     Loop   0x000089    program     static C:\Source\Battery-charger-Control\Main.asm
                     MAIN   0x000029    program     static C:\Source\Battery-charger-Control\Main.asm
                  Monitor   0x0003ff    program     static C:\Source\Battery-charger-Control\Main.asm
                   NO_ERR   0x0003db    program     static C:\Source\Battery-charger-Control\Main.asm
                  NO_ERR1   0x0003a7    program     static C:\Source\Battery-charger-Control\Main.asm
                  NO_FERR   0x000391    program     static C:\Source\Battery-charger-Control\Main.asm
                 NO_OERR1   0x0003db    program     static C:\Source\Battery-charger-Control\Main.asm
                 NO_OERR2   0x000398    program     static C:\Source\Battery-charger-Control\Main.asm
                  OutText   0x0002e6    program     static C:\Source\Battery-charger-Control\Main.asm
                  PressOK   0x00044e    program     static C:\Source\Battery-charger-Control\Main.asm
                  PrintV8   0x000537    program     static C:\Source\Battery-charger-Control\Main.asm
                RBInt_isr   0x000453    program     static C:\Source\Battery-charger-Control\Main.asm
                     RRam   0x0003b9    program     static C:\Source\Battery-charger-Control\Main.asm
                  RS_DONE   0x000126    program     static C:\Source\Battery-charger-Control\Main.asm
                    RS_ON   0x000121    program     static C:\Source\Battery-charger-Control\Main.asm
                      Rec   0x000389    program     static C:\Source\Battery-charger-Control\Main.asm
               SendToUART   0x0003bd    program     static C:\Source\Battery-charger-Control\Main.asm
              SetupConfig   0x000898    program     extern C:\Source\Battery-charger-Control\init.asm
                 ShowData   0x000435    program     static C:\Source\Battery-charger-Control\Main.asm
                     Str0   0x000210    program     static C:\Source\Battery-charger-Control\Main.asm
                     Str1   0x000220    program     static C:\Source\Battery-charger-Control\Main.asm
                    Str10   0x0002a9    program     static C:\Source\Battery-charger-Control\Main.asm
                    Str11   0x0002b9    program     static C:\Source\Battery-charger-Control\Main.asm
                    Str12   0x0002c4    program     static C:\Source\Battery-charger-Control\Main.asm
                    Str13   0x0002d5    program     static C:\Source\Battery-charger-Control\Main.asm
                     Str2   0x000230    program     static C:\Source\Battery-charger-Control\Main.asm
                     Str3   0x000240    program     static C:\Source\Battery-charger-Control\Main.asm
                     Str4   0x000250    program     static C:\Source\Battery-charger-Control\Main.asm
                     Str5   0x000260    program     static C:\Source\Battery-charger-Control\Main.asm
                     Str6   0x000270    program     static C:\Source\Battery-charger-Control\Main.asm
                     Str7   0x000280    program     static C:\Source\Battery-charger-Control\Main.asm
                     Str8   0x000290    program     static C:\Source\Battery-charger-Control\Main.asm
                     Str9   0x000299    program     static C:\Source\Battery-charger-Control\Main.asm
               Timer0_isr   0x00012e    program     static C:\Source\Battery-charger-Control\Main.asm
                  UOK46LL   0x000851    program     static C:\Source\Battery-charger-Control\Calculator.asm
                  UsartRX   0x000380    program     static C:\Source\Battery-charger-Control\Main.asm
                     WRam   0x0003f3    program     static C:\Source\Battery-charger-Control\Main.asm
                 WaitDown   0x000361    program     static C:\Source\Battery-charger-Control\Main.asm
               WaitRizing   0x00032b    program     static C:\Source\Battery-charger-Control\Main.asm
                   Wavail   0x0005f1    program     static C:\Source\Battery-charger-Control\Main.asm
             _.org_1_0052   0x000052    program     static C:\Source\Battery-charger-Control\Main.asm
             _.org_1_0054   0x000054    program     static C:\Source\Battery-charger-Control\Main.asm
             _.org_2_030F   0x00030f    program     static C:\Source\Battery-charger-Control\Main.asm
             _.org_2_03A0   0x0003a0    program     static C:\Source\Battery-charger-Control\Main.asm
             _.org_2_03AD   0x0003ad    program     static C:\Source\Battery-charger-Control\Main.asm
             _.org_2_03C0   0x0003c0    program     static C:\Source\Battery-charger-Control\Main.asm
             _.org_2_03CC   0x0003cc    program     static C:\Source\Battery-charger-Control\Main.asm
             _.org_2_03D5   0x0003d5    program     static C:\Source\Battery-charger-Control\Main.asm
             _.org_2_0406   0x000406    program     static C:\Source\Battery-charger-Control\Main.asm
             _.org_2_041C   0x00041c    program     static C:\Source\Battery-charger-Control\Main.asm
             _.org_2_042F   0x00042f    program     static C:\Source\Battery-charger-Control\Main.asm
             _.org_2_0451   0x000451    program     static C:\Source\Battery-charger-Control\Main.asm
             _.org_2_045C   0x00045c    program     static C:\Source\Battery-charger-Control\Main.asm
             _.org_2_045E   0x00045e    program     static C:\Source\Battery-charger-Control\Main.asm
             _.org_2_05DE   0x0005de    program     static C:\Source\Battery-charger-Control\Main.asm
             _.org_2_05EE   0x0005ee    program     static C:\Source\Battery-charger-Control\Main.asm
             _.org_2_061E   0x00061e    program     static C:\Source\Battery-charger-Control\Main.asm
             _.org_2_063A   0x00063a    program     static C:\Source\Battery-charger-Control\Main.asm
             _.org_2_064B   0x00064b    program     static C:\Source\Battery-charger-Control\Main.asm
             _.org_2_066C   0x00066c    program     static C:\Source\Battery-charger-Control\Main.asm
             _.org_2_067D   0x00067d    program     static C:\Source\Battery-charger-Control\Main.asm
             _.org_2_068A   0x00068a    program     static C:\Source\Battery-charger-Control\Main.asm
             _.org_2_06B4   0x0006b4    program     static C:\Source\Battery-charger-Control\Main.asm
             _.org_2_06C4   0x0006c4    program     static C:\Source\Battery-charger-Control\Main.asm
             _.org_2_06D4   0x0006d4    program     static C:\Source\Battery-charger-Control\Main.asm
             _.org_2_06FF   0x0006ff    program     static C:\Source\Battery-charger-Control\Main.asm
             _.org_2_0712   0x000712    program     static C:\Source\Battery-charger-Control\Main.asm
             _.org_2_0726   0x000726    program     static C:\Source\Battery-charger-Control\Main.asm
             _.org_2_079C   0x00079c    program     static C:\Source\Battery-charger-Control\Main.asm
             _.org_2_079F   0x00079f    program     static C:\Source\Battery-charger-Control\Main.asm
             _.org_2_07AD   0x0007ad    program     static C:\Source\Battery-charger-Control\Main.asm
             _.org_2_07B0   0x0007b0    program     static C:\Source\Battery-charger-Control\Main.asm
                  _LCD_wr   0x00055e    program     static C:\Source\Battery-charger-Control\Main.asm
                   _V08_1   0x000498    program     static C:\Source\Battery-charger-Control\Main.asm
                 _V08_LCD   0x0004a0    program     static C:\Source\Battery-charger-Control\Main.asm
                   _V16_1   0x0004ca    program     static C:\Source\Battery-charger-Control\Main.asm
                   _V16_2   0x0004d4    program     static C:\Source\Battery-charger-Control\Main.asm
                 _V16_LCD   0x0004dd    program     static C:\Source\Battery-charger-Control\Main.asm
                   _V32_1   0x00050b    program     static C:\Source\Battery-charger-Control\Main.asm
                   _V32_2   0x000521    program     static C:\Source\Battery-charger-Control\Main.asm
                 _V32_LCD   0x000532    program     static C:\Source\Battery-charger-Control\Main.asm
                _VALcnv08   0x000496    program     static C:\Source\Battery-charger-Control\Main.asm
                _VALcnv16   0x0004c9    program     static C:\Source\Battery-charger-Control\Main.asm
                _Valcnv32   0x00050a    program     static C:\Source\Battery-charger-Control\Main.asm
                     addV   0x00067a    program     static C:\Source\Battery-charger-Control\Main.asm
                     addW   0x000637    program     static C:\Source\Battery-charger-Control\Main.asm
                    b2bcd   0x000875    program     extern C:\Source\Battery-charger-Control\Calculator.asm
                   b2bcd2   0x00087e    program     static C:\Source\Battery-charger-Control\Calculator.asm
                   b2bcd3   0x000882    program     static C:\Source\Battery-charger-Control\Calculator.asm
                    bcd2a   0x00085a    program     extern C:\Source\Battery-charger-Control\Calculator.asm
                   bcd2a1   0x000860    program     static C:\Source\Battery-charger-Control\Calculator.asm
                 calc_I12   0x000755    program     static C:\Source\Battery-charger-Control\Main.asm
                calc_I160   0x000789    program     static C:\Source\Battery-charger-Control\Main.asm
                 calc_I40   0x000762    program     static C:\Source\Battery-charger-Control\Main.asm
                 calc_I62   0x00076f    program     static C:\Source\Battery-charger-Control\Main.asm
                 calc_I90   0x00077c    program     static C:\Source\Battery-charger-Control\Main.asm
                 calc_V12   0x000733    program     static C:\Source\Battery-charger-Control\Main.asm
                 calc_V24   0x000744    program     static C:\Source\Battery-charger-Control\Main.asm
                 cfg_done   0x0005ca    program     static C:\Source\Battery-charger-Control\Main.asm
                check_cmd   0x0003af    program     static C:\Source\Battery-charger-Control\Main.asm
                 chk_fast   0x0000c6    program     static C:\Source\Battery-charger-Control\Main.asm
                chk_float   0x0000fc    program     static C:\Source\Battery-charger-Control\Main.asm
                 chk_over   0x0000e3    program     static C:\Source\Battery-charger-Control\Main.asm
                 chk_slow   0x0000a5    program     static C:\Source\Battery-charger-Control\Main.asm
               cmp_Vfloat   0x0000cc    program     static C:\Source\Battery-charger-Control\Main.asm
                cmp_Voct2   0x0000e1    program     static C:\Source\Battery-charger-Control\Main.asm
                 cmp_Voff   0x0000ab    program     static C:\Source\Battery-charger-Control\Main.asm
                cmp_Voff2   0x0000bf    program     static C:\Source\Battery-charger-Control\Main.asm
                cmp_float   0x000102    program     static C:\Source\Battery-charger-Control\Main.asm
                  cmp_oct   0x0000f7    program     static C:\Source\Battery-charger-Control\Main.asm
                 cmp_over   0x0000ec    program     static C:\Source\Battery-charger-Control\Main.asm
               confirmAdj   0x0006af    program     static C:\Source\Battery-charger-Control\Main.asm
              confirmIAdj   0x0006fa    program     static C:\Source\Battery-charger-Control\Main.asm
                 confirmV   0x000663    program     static C:\Source\Battery-charger-Control\Main.asm
                 confirmW   0x000615    program     static C:\Source\Battery-charger-Control\Main.asm
                 continue   0x00012c    program     static C:\Source\Battery-charger-Control\Main.asm
                     decW   0x000648    program     static C:\Source\Battery-charger-Control\Main.asm
                  del_20m   0x0002f8    program     static C:\Source\Battery-charger-Control\Main.asm
                   del_2u   0x0002fa    program     static C:\Source\Battery-charger-Control\Main.asm
                  del_msg   0x0001a5    program     static C:\Source\Battery-charger-Control\Main.asm
                 del_msg2   0x0001b5    program     static C:\Source\Battery-charger-Control\Main.asm
                 delay_ms   0x0002f7    program     static C:\Source\Battery-charger-Control\Main.asm
                  do_fast   0x0000d0    program     static C:\Source\Battery-charger-Control\Main.asm
                 do_float   0x0000fc    program     static C:\Source\Battery-charger-Control\Main.asm
                    do_it   0x00010d    program     static C:\Source\Battery-charger-Control\Main.asm
                  do_over   0x0000e5    program     static C:\Source\Battery-charger-Control\Main.asm
                  do_slow   0x0000af    program     static C:\Source\Battery-charger-Control\Main.asm
                     doit   0x00062c    program     static C:\Source\Battery-charger-Control\Main.asm
                     done   0x0002f6    program     static C:\Source\Battery-charger-Control\Main.asm
                    done1   0x000693    program     static C:\Source\Battery-charger-Control\Main.asm
                  done_ok   0x000603    program     static C:\Source\Battery-charger-Control\Main.asm
                   err_ok   0x000095    program     static C:\Source\Battery-charger-Control\Main.asm
                 getParam   0x0005f7    program     static C:\Source\Battery-charger-Control\Main.asm
                       in   0x000333    program     static C:\Source\Battery-charger-Control\Main.asm
                      in1   0x000369    program     static C:\Source\Battery-charger-Control\Main.asm
                   incReq   0x00010a    program     static C:\Source\Battery-charger-Control\Main.asm
                   init_p   0x0003a2    program     static C:\Source\Battery-charger-Control\Main.asm
                 initdata   0x000588    program     static C:\Source\Battery-charger-Control\Main.asm
                     jmp1   0x000011    program     static C:\Source\Battery-charger-Control\Main.asm
                    loop1   0x00030a    program     static C:\Source\Battery-charger-Control\Main.asm
                 mon_loop   0x00040e    program     static C:\Source\Battery-charger-Control\Main.asm
                     msg2   0x0001b1    program     static C:\Source\Battery-charger-Control\Main.asm
                     next   0x0002ee    program     static C:\Source\Battery-charger-Control\Main.asm
                next_byte   0x00041a    program     static C:\Source\Battery-charger-Control\Main.asm
                      nxt   0x0005fb    program     static C:\Source\Battery-charger-Control\Main.asm
                print_err   0x000472    program     static C:\Source\Battery-charger-Control\Main.asm
                  read_ad   0x000796    program     static C:\Source\Battery-charger-Control\Main.asm
              read_eeprom   0x0005d6    program     static C:\Source\Battery-charger-Control\Main.asm
                read_loop   0x0003b3    program     static C:\Source\Battery-charger-Control\Main.asm
                read_temp   0x0007a3    program     static C:\Source\Battery-charger-Control\Main.asm
                  refresh   0x0005cb    program     static C:\Source\Battery-charger-Control\Main.asm
              set_Iadjust   0x0006e1    program     static C:\Source\Battery-charger-Control\Main.asm
              set_Vadjust   0x000696    program     static C:\Source\Battery-charger-Control\Main.asm
             set_capacity   0x000606    program     static C:\Source\Battery-charger-Control\Main.asm
              set_voltage   0x000658    program     static C:\Source\Battery-charger-Control\Main.asm
                     subV   0x000687    program     static C:\Source\Battery-charger-Control\Main.asm
             write_eeprom   0x0005e3    program     static C:\Source\Battery-charger-Control\Main.asm
               write_loop   0x0003d3    program     static C:\Source\Battery-charger-Control\Main.asm



                              Symbols - Sorted by Address
                     Name    Address   Location    Storage File                     
                ---------  ---------  ---------  --------- ---------                
                     jmp1   0x000011    program     static C:\Source\Battery-charger-Control\Main.asm
                     MAIN   0x000029    program     static C:\Source\Battery-charger-Control\Main.asm
                       L2   0x000045    program     static C:\Source\Battery-charger-Control\Main.asm
             _.org_1_0052   0x000052    program     static C:\Source\Battery-charger-Control\Main.asm
             _.org_1_0054   0x000054    program     static C:\Source\Battery-charger-Control\Main.asm
                       L3   0x000064    program     static C:\Source\Battery-charger-Control\Main.asm
                       L4   0x000066    program     static C:\Source\Battery-charger-Control\Main.asm
                     Loop   0x000089    program     static C:\Source\Battery-charger-Control\Main.asm
                   err_ok   0x000095    program     static C:\Source\Battery-charger-Control\Main.asm
                 chk_slow   0x0000a5    program     static C:\Source\Battery-charger-Control\Main.asm
                 cmp_Voff   0x0000ab    program     static C:\Source\Battery-charger-Control\Main.asm
                  do_slow   0x0000af    program     static C:\Source\Battery-charger-Control\Main.asm
                cmp_Voff2   0x0000bf    program     static C:\Source\Battery-charger-Control\Main.asm
                 chk_fast   0x0000c6    program     static C:\Source\Battery-charger-Control\Main.asm
               cmp_Vfloat   0x0000cc    program     static C:\Source\Battery-charger-Control\Main.asm
                  do_fast   0x0000d0    program     static C:\Source\Battery-charger-Control\Main.asm
                cmp_Voct2   0x0000e1    program     static C:\Source\Battery-charger-Control\Main.asm
                 chk_over   0x0000e3    program     static C:\Source\Battery-charger-Control\Main.asm
                  do_over   0x0000e5    program     static C:\Source\Battery-charger-Control\Main.asm
                 cmp_over   0x0000ec    program     static C:\Source\Battery-charger-Control\Main.asm
                  cmp_oct   0x0000f7    program     static C:\Source\Battery-charger-Control\Main.asm
                 do_float   0x0000fc    program     static C:\Source\Battery-charger-Control\Main.asm
                chk_float   0x0000fc    program     static C:\Source\Battery-charger-Control\Main.asm
                cmp_float   0x000102    program     static C:\Source\Battery-charger-Control\Main.asm
                   incReq   0x00010a    program     static C:\Source\Battery-charger-Control\Main.asm
                    do_it   0x00010d    program     static C:\Source\Battery-charger-Control\Main.asm
             Control_done   0x000119    program     static C:\Source\Battery-charger-Control\Main.asm
                    RS_ON   0x000121    program     static C:\Source\Battery-charger-Control\Main.asm
                  RS_DONE   0x000126    program     static C:\Source\Battery-charger-Control\Main.asm
                 continue   0x00012c    program     static C:\Source\Battery-charger-Control\Main.asm
               Timer0_isr   0x00012e    program     static C:\Source\Battery-charger-Control\Main.asm
                  del_msg   0x0001a5    program     static C:\Source\Battery-charger-Control\Main.asm
                     msg2   0x0001b1    program     static C:\Source\Battery-charger-Control\Main.asm
                 del_msg2   0x0001b5    program     static C:\Source\Battery-charger-Control\Main.asm
               GetStrAddr   0x000200    program     static C:\Source\Battery-charger-Control\Main.asm
                  GetChar   0x00020f    program     static C:\Source\Battery-charger-Control\Main.asm
                     Str0   0x000210    program     static C:\Source\Battery-charger-Control\Main.asm
                     Str1   0x000220    program     static C:\Source\Battery-charger-Control\Main.asm
                     Str2   0x000230    program     static C:\Source\Battery-charger-Control\Main.asm
                     Str3   0x000240    program     static C:\Source\Battery-charger-Control\Main.asm
                     Str4   0x000250    program     static C:\Source\Battery-charger-Control\Main.asm
                     Str5   0x000260    program     static C:\Source\Battery-charger-Control\Main.asm
                     Str6   0x000270    program     static C:\Source\Battery-charger-Control\Main.asm
                     Str7   0x000280    program     static C:\Source\Battery-charger-Control\Main.asm
                     Str8   0x000290    program     static C:\Source\Battery-charger-Control\Main.asm
                     Str9   0x000299    program     static C:\Source\Battery-charger-Control\Main.asm
                    Str10   0x0002a9    program     static C:\Source\Battery-charger-Control\Main.asm
                    Str11   0x0002b9    program     static C:\Source\Battery-charger-Control\Main.asm
                    Str12   0x0002c4    program     static C:\Source\Battery-charger-Control\Main.asm
                    Str13   0x0002d5    program     static C:\Source\Battery-charger-Control\Main.asm
                  OutText   0x0002e6    program     static C:\Source\Battery-charger-Control\Main.asm
                     next   0x0002ee    program     static C:\Source\Battery-charger-Control\Main.asm
                     done   0x0002f6    program     static C:\Source\Battery-charger-Control\Main.asm
                 delay_ms   0x0002f7    program     static C:\Source\Battery-charger-Control\Main.asm
                  del_20m   0x0002f8    program     static C:\Source\Battery-charger-Control\Main.asm
                   del_2u   0x0002fa    program     static C:\Source\Battery-charger-Control\Main.asm
                    Beep1   0x000302    program     static C:\Source\Battery-charger-Control\Main.asm
                     Beep   0x000307    program     static C:\Source\Battery-charger-Control\Main.asm
                    loop1   0x00030a    program     static C:\Source\Battery-charger-Control\Main.asm
             _.org_2_030F   0x00030f    program     static C:\Source\Battery-charger-Control\Main.asm
                   I_goUp   0x000313    program     static C:\Source\Battery-charger-Control\Main.asm
                   I_UpOK   0x000319    program     static C:\Source\Battery-charger-Control\Main.asm
               WaitRizing   0x00032b    program     static C:\Source\Battery-charger-Control\Main.asm
                       in   0x000333    program     static C:\Source\Battery-charger-Control\Main.asm
                   I_done   0x00034b    program     static C:\Source\Battery-charger-Control\Main.asm
                 I_goDown   0x00034c    program     static C:\Source\Battery-charger-Control\Main.asm
                 WaitDown   0x000361    program     static C:\Source\Battery-charger-Control\Main.asm
                      in1   0x000369    program     static C:\Source\Battery-charger-Control\Main.asm
                  I_Ddone   0x00037f    program     static C:\Source\Battery-charger-Control\Main.asm
                  UsartRX   0x000380    program     static C:\Source\Battery-charger-Control\Main.asm
                      Rec   0x000389    program     static C:\Source\Battery-charger-Control\Main.asm
                  NO_FERR   0x000391    program     static C:\Source\Battery-charger-Control\Main.asm
                 NO_OERR2   0x000398    program     static C:\Source\Battery-charger-Control\Main.asm
             _.org_2_03A0   0x0003a0    program     static C:\Source\Battery-charger-Control\Main.asm
                   init_p   0x0003a2    program     static C:\Source\Battery-charger-Control\Main.asm
                  NO_ERR1   0x0003a7    program     static C:\Source\Battery-charger-Control\Main.asm
             _.org_2_03AD   0x0003ad    program     static C:\Source\Battery-charger-Control\Main.asm
                check_cmd   0x0003af    program     static C:\Source\Battery-charger-Control\Main.asm
                read_loop   0x0003b3    program     static C:\Source\Battery-charger-Control\Main.asm
                     RRam   0x0003b9    program     static C:\Source\Battery-charger-Control\Main.asm
               SendToUART   0x0003bd    program     static C:\Source\Battery-charger-Control\Main.asm
             _.org_2_03C0   0x0003c0    program     static C:\Source\Battery-charger-Control\Main.asm
             _.org_2_03CC   0x0003cc    program     static C:\Source\Battery-charger-Control\Main.asm
               write_loop   0x0003d3    program     static C:\Source\Battery-charger-Control\Main.asm
             _.org_2_03D5   0x0003d5    program     static C:\Source\Battery-charger-Control\Main.asm
                   NO_ERR   0x0003db    program     static C:\Source\Battery-charger-Control\Main.asm
                 NO_OERR1   0x0003db    program     static C:\Source\Battery-charger-Control\Main.asm
                     WRam   0x0003f3    program     static C:\Source\Battery-charger-Control\Main.asm
                  Monitor   0x0003ff    program     static C:\Source\Battery-charger-Control\Main.asm
             _.org_2_0406   0x000406    program     static C:\Source\Battery-charger-Control\Main.asm
                 mon_loop   0x00040e    program     static C:\Source\Battery-charger-Control\Main.asm
                next_byte   0x00041a    program     static C:\Source\Battery-charger-Control\Main.asm
             _.org_2_041C   0x00041c    program     static C:\Source\Battery-charger-Control\Main.asm
             _.org_2_042F   0x00042f    program     static C:\Source\Battery-charger-Control\Main.asm
                 ShowData   0x000435    program     static C:\Source\Battery-charger-Control\Main.asm
                  PressOK   0x00044e    program     static C:\Source\Battery-charger-Control\Main.asm
             _.org_2_0451   0x000451    program     static C:\Source\Battery-charger-Control\Main.asm
                RBInt_isr   0x000453    program     static C:\Source\Battery-charger-Control\Main.asm
             _.org_2_045C   0x00045c    program     static C:\Source\Battery-charger-Control\Main.asm
             _.org_2_045E   0x00045e    program     static C:\Source\Battery-charger-Control\Main.asm
                print_err   0x000472    program     static C:\Source\Battery-charger-Control\Main.asm
                  ErrLoop   0x00047b    program     static C:\Source\Battery-charger-Control\Main.asm
                 LCDval08   0x000482    program     static C:\Source\Battery-charger-Control\Main.asm
                _VALcnv08   0x000496    program     static C:\Source\Battery-charger-Control\Main.asm
                   _V08_1   0x000498    program     static C:\Source\Battery-charger-Control\Main.asm
                 _V08_LCD   0x0004a0    program     static C:\Source\Battery-charger-Control\Main.asm
                 LCDval16   0x0004a7    program     static C:\Source\Battery-charger-Control\Main.asm
                _VALcnv16   0x0004c9    program     static C:\Source\Battery-charger-Control\Main.asm
                   _V16_1   0x0004ca    program     static C:\Source\Battery-charger-Control\Main.asm
                   _V16_2   0x0004d4    program     static C:\Source\Battery-charger-Control\Main.asm
                 _V16_LCD   0x0004dd    program     static C:\Source\Battery-charger-Control\Main.asm
                 LCDval32   0x0004e2    program     static C:\Source\Battery-charger-Control\Main.asm
                _Valcnv32   0x00050a    program     static C:\Source\Battery-charger-Control\Main.asm
                   _V32_1   0x00050b    program     static C:\Source\Battery-charger-Control\Main.asm
                   _V32_2   0x000521    program     static C:\Source\Battery-charger-Control\Main.asm
                 _V32_LCD   0x000532    program     static C:\Source\Battery-charger-Control\Main.asm
                  PrintV8   0x000537    program     static C:\Source\Battery-charger-Control\Main.asm
                  LCDxmit   0x00054c    program     static C:\Source\Battery-charger-Control\Main.asm
                   LCDclk   0x000553    program     static C:\Source\Battery-charger-Control\Main.asm
                  LCDcomd   0x00055b    program     static C:\Source\Battery-charger-Control\Main.asm
                  LCDdata   0x00055d    program     static C:\Source\Battery-charger-Control\Main.asm
                  _LCD_wr   0x00055e    program     static C:\Source\Battery-charger-Control\Main.asm
                  LCDinit   0x00056a    program     static C:\Source\Battery-charger-Control\Main.asm
                 initdata   0x000588    program     static C:\Source\Battery-charger-Control\Main.asm
                 cfg_done   0x0005ca    program     static C:\Source\Battery-charger-Control\Main.asm
                  refresh   0x0005cb    program     static C:\Source\Battery-charger-Control\Main.asm
              read_eeprom   0x0005d6    program     static C:\Source\Battery-charger-Control\Main.asm
             _.org_2_05DE   0x0005de    program     static C:\Source\Battery-charger-Control\Main.asm
             write_eeprom   0x0005e3    program     static C:\Source\Battery-charger-Control\Main.asm
             _.org_2_05EE   0x0005ee    program     static C:\Source\Battery-charger-Control\Main.asm
                   Wavail   0x0005f1    program     static C:\Source\Battery-charger-Control\Main.asm
                 getParam   0x0005f7    program     static C:\Source\Battery-charger-Control\Main.asm
                      nxt   0x0005fb    program     static C:\Source\Battery-charger-Control\Main.asm
                  done_ok   0x000603    program     static C:\Source\Battery-charger-Control\Main.asm
             set_capacity   0x000606    program     static C:\Source\Battery-charger-Control\Main.asm
                 confirmW   0x000615    program     static C:\Source\Battery-charger-Control\Main.asm
             _.org_2_061E   0x00061e    program     static C:\Source\Battery-charger-Control\Main.asm
                     doit   0x00062c    program     static C:\Source\Battery-charger-Control\Main.asm
                     addW   0x000637    program     static C:\Source\Battery-charger-Control\Main.asm
             _.org_2_063A   0x00063a    program     static C:\Source\Battery-charger-Control\Main.asm
                     decW   0x000648    program     static C:\Source\Battery-charger-Control\Main.asm
             _.org_2_064B   0x00064b    program     static C:\Source\Battery-charger-Control\Main.asm
              set_voltage   0x000658    program     static C:\Source\Battery-charger-Control\Main.asm
                 confirmV   0x000663    program     static C:\Source\Battery-charger-Control\Main.asm
             _.org_2_066C   0x00066c    program     static C:\Source\Battery-charger-Control\Main.asm
                     addV   0x00067a    program     static C:\Source\Battery-charger-Control\Main.asm
             _.org_2_067D   0x00067d    program     static C:\Source\Battery-charger-Control\Main.asm
                     subV   0x000687    program     static C:\Source\Battery-charger-Control\Main.asm
             _.org_2_068A   0x00068a    program     static C:\Source\Battery-charger-Control\Main.asm
                    done1   0x000693    program     static C:\Source\Battery-charger-Control\Main.asm
              set_Vadjust   0x000696    program     static C:\Source\Battery-charger-Control\Main.asm
               confirmAdj   0x0006af    program     static C:\Source\Battery-charger-Control\Main.asm
             _.org_2_06B4   0x0006b4    program     static C:\Source\Battery-charger-Control\Main.asm
                       B1   0x0006bf    program     static C:\Source\Battery-charger-Control\Main.asm
             _.org_2_06C4   0x0006c4    program     static C:\Source\Battery-charger-Control\Main.asm
                       B2   0x0006cf    program     static C:\Source\Battery-charger-Control\Main.asm
             _.org_2_06D4   0x0006d4    program     static C:\Source\Battery-charger-Control\Main.asm
              set_Iadjust   0x0006e1    program     static C:\Source\Battery-charger-Control\Main.asm
              confirmIAdj   0x0006fa    program     static C:\Source\Battery-charger-Control\Main.asm
             _.org_2_06FF   0x0006ff    program     static C:\Source\Battery-charger-Control\Main.asm
                       C1   0x00070d    program     static C:\Source\Battery-charger-Control\Main.asm
             _.org_2_0712   0x000712    program     static C:\Source\Battery-charger-Control\Main.asm
                       C2   0x000721    program     static C:\Source\Battery-charger-Control\Main.asm
             _.org_2_0726   0x000726    program     static C:\Source\Battery-charger-Control\Main.asm
                 calc_V12   0x000733    program     static C:\Source\Battery-charger-Control\Main.asm
                 calc_V24   0x000744    program     static C:\Source\Battery-charger-Control\Main.asm
                 calc_I12   0x000755    program     static C:\Source\Battery-charger-Control\Main.asm
                 calc_I40   0x000762    program     static C:\Source\Battery-charger-Control\Main.asm
                 calc_I62   0x00076f    program     static C:\Source\Battery-charger-Control\Main.asm
                 calc_I90   0x00077c    program     static C:\Source\Battery-charger-Control\Main.asm
                calc_I160   0x000789    program     static C:\Source\Battery-charger-Control\Main.asm
                  read_ad   0x000796    program     static C:\Source\Battery-charger-Control\Main.asm
             _.org_2_079C   0x00079c    program     static C:\Source\Battery-charger-Control\Main.asm
             _.org_2_079F   0x00079f    program     static C:\Source\Battery-charger-Control\Main.asm
                read_temp   0x0007a3    program     static C:\Source\Battery-charger-Control\Main.asm
             _.org_2_07AD   0x0007ad    program     static C:\Source\Battery-charger-Control\Main.asm
             _.org_2_07B0   0x0007b0    program     static C:\Source\Battery-charger-Control\Main.asm
                 FXM1616U   0x000800    program     extern C:\Source\Battery-charger-Control\Calculator.asm
              LOOPUM1616A   0x000808    program     static C:\Source\Battery-charger-Control\Calculator.asm
              LOOPUM1616B   0x00080e    program     static C:\Source\Battery-charger-Control\Calculator.asm
              BLUM1616NAP   0x000816    program     static C:\Source\Battery-charger-Control\Calculator.asm
              ALUM1616NAP   0x000818    program     static C:\Source\Battery-charger-Control\Calculator.asm
              ALOOPUM1616   0x00081a    program     static C:\Source\Battery-charger-Control\Calculator.asm
               ALUM1616NA   0x000823    program     static C:\Source\Battery-charger-Control\Calculator.asm
              BLOOPUM1616   0x00082a    program     static C:\Source\Battery-charger-Control\Calculator.asm
               BLUM1616NA   0x000833    program     static C:\Source\Battery-charger-Control\Calculator.asm
                 FXD2416U   0x00083a    program     static C:\Source\Battery-charger-Control\Calculator.asm
                LOOPU2416   0x00083e    program     static C:\Source\Battery-charger-Control\Calculator.asm
                  UOK46LL   0x000851    program     static C:\Source\Battery-charger-Control\Calculator.asm
                    bcd2a   0x00085a    program     extern C:\Source\Battery-charger-Control\Calculator.asm
                   bcd2a1   0x000860    program     static C:\Source\Battery-charger-Control\Calculator.asm
                    b2bcd   0x000875    program     extern C:\Source\Battery-charger-Control\Calculator.asm
                   b2bcd2   0x00087e    program     static C:\Source\Battery-charger-Control\Calculator.asm
                   b2bcd3   0x000882    program     static C:\Source\Battery-charger-Control\Calculator.asm
              SetupConfig   0x000898    program     extern C:\Source\Battery-charger-Control\init.asm


